// Jest Snapshot v1, https://goo.gl/fbAQLP

exports[`UserCard component userCard snapshot 1`] = `
Object {
  "asFragment": [Function],
  "baseElement": <body>
    <div>
      <div
        class="user-card "
      >
        <h4
          class="user-card__name "
        >
          Watson Good
        </h4>
        <input
          checked=""
          id="not-active"
          name="5e00928db89ff9c2559f9560"
          type="radio"
          value="false"
        />
        <label
          for="not-active"
        >
          not active
        </label>
        <br />
        <input
          id="active"
          name="5e00928db89ff9c2559f9560"
          type="radio"
          value="true"
        />
        <label
          for="active"
        >
          active
        </label>
      </div>
    </div>
  </body>,
  "container": <div>
    <div
      class="user-card "
    >
      <h4
        class="user-card__name "
      >
        Watson Good
      </h4>
      <input
        checked=""
        id="not-active"
        name="5e00928db89ff9c2559f9560"
        type="radio"
        value="false"
      />
      <label
        for="not-active"
      >
        not active
      </label>
      <br />
      <input
        id="active"
        name="5e00928db89ff9c2559f9560"
        type="radio"
        value="true"
      />
      <label
        for="active"
      >
        active
      </label>
    </div>
  </div>,
  "debug": [Function],
  "findAllByAltText": [Function],
  "findAllByDisplayValue": [Function],
  "findAllByLabelText": [Function],
  "findAllByPlaceholderText": [Function],
  "findAllByRole": [Function],
  "findAllByTestId": [Function],
  "findAllByText": [Function],
  "findAllByTitle": [Function],
  "findByAltText": [Function],
  "findByDisplayValue": [Function],
  "findByLabelText": [Function],
  "findByPlaceholderText": [Function],
  "findByRole": [Function],
  "findByTestId": [Function],
  "findByText": [Function],
  "findByTitle": [Function],
  "getAllByAltText": [Function],
  "getAllByDisplayValue": [Function],
  "getAllByLabelText": [Function],
  "getAllByPlaceholderText": [Function],
  "getAllByRole": [Function],
  "getAllByTestId": [Function],
  "getAllByText": [Function],
  "getAllByTitle": [Function],
  "getByAltText": [Function],
  "getByDisplayValue": [Function],
  "getByLabelText": [Function],
  "getByPlaceholderText": [Function],
  "getByRole": [Function],
  "getByTestId": [Function],
  "getByText": [Function],
  "getByTitle": [Function],
  "queryAllByAltText": [Function],
  "queryAllByDisplayValue": [Function],
  "queryAllByLabelText": [Function],
  "queryAllByPlaceholderText": [Function],
  "queryAllByRole": [Function],
  "queryAllByTestId": [Function],
  "queryAllByText": [Function],
  "queryAllByTitle": [Function],
  "queryByAltText": [Function],
  "queryByDisplayValue": [Function],
  "queryByLabelText": [Function],
  "queryByPlaceholderText": [Function],
  "queryByRole": [Function],
  "queryByTestId": [Function],
  "queryByText": [Function],
  "queryByTitle": [Function],
  "rerender": [Function],
  "unmount": [Function],
}
`;
